---
source: crates/ruff_linter/src/rules/pyflakes/mod.rs
---
F811 Redefinition of unused `g` from line 18
  --> F811_basedpython.by:22:5
   |
22 | def g():
   |     ^ `g` redefined here
23 |     pass
   |
  ::: F811_basedpython.by:18:5
   |
17 | # a real redefinition still fires
18 | def g():
   |     - previous definition of `g` here
19 |     pass
   |
help: Remove definition: `g`
