---
source: crates/ruff_linter/src/rules/pyflakes/mod.rs
---
F821 Undefined name `C`
 --> F821_basedpython.by:7:9
  |
5 |     pass
6 |
7 | class C(C):
  |         ^
8 |     pass
  |

F821 Undefined name `Z`
  --> F821_basedpython.by:10:14
   |
 8 |     pass
 9 |
10 | class D(list[Z]):
   |              ^
11 |     pass
   |

F821 Undefined name `dynamic`
  --> F821_basedpython.by:19:7
   |
18 | # in value position `dynamic` is an ordinary name — still flagged when unbound
19 | print(dynamic)
   |       ^^^^^^^
20 |
21 | # `cast` / `cast?` are keyword operators, not name references — the synthetic
   |

F821 Undefined name `UndefinedType`
  --> F821_basedpython.by:27:21
   |
25 | ok_try = val cast? int
26 | # but an undefined *type* argument to the cast is still a real reference
27 | bad_cast = val cast UndefinedType
   |                     ^^^^^^^^^^^^^
28 |
29 | # `-> asserts x` names the place a call narrows, not a type: the name is the
   |

F821 Undefined name `UndefinedGuardType`
  --> F821_basedpython.by:45:43
   |
44 | # the type in `asserts x is T` is a real type reference — flagged when undefined
45 | def check_type(x: object) -> asserts x is UndefinedGuardType:
   |                                           ^^^^^^^^^^^^^^^^^^
46 |     raise ValueError
   |

F821 Undefined name `UndefinedMember`
  --> F821_basedpython.by:62:27
   |
60 | Defined = int
61 | good_protocol: protocol(a: Defined; def m(self, n: Defined) -> Defined)
62 | bad_protocol: protocol(a: UndefinedMember; def m(self) -> UndefinedReturn)
   |                           ^^^^^^^^^^^^^^^
63 |
64 | # a match type's `case` captures are type variables, and its bodies are type
   |

F821 Undefined name `UndefinedReturn`
  --> F821_basedpython.by:62:59
   |
60 | Defined = int
61 | good_protocol: protocol(a: Defined; def m(self, n: Defined) -> Defined)
62 | bad_protocol: protocol(a: UndefinedMember; def m(self) -> UndefinedReturn)
   |                                                           ^^^^^^^^^^^^^^^
63 |
64 | # a match type's `case` captures are type variables, and its bodies are type
   |

F821 Undefined name `UndefinedBound`
  --> F821_basedpython.by:73:20
   |
71 |         (NDTuple[T, *Rest],) * Dim
72 |
73 | type BadBound[*Ts: UndefinedBound] = tuple[*Ts]
   |                    ^^^^^^^^^^^^^^
74 |
75 | # a pack's bound is a type expression wherever it appears, so names inside the
   |

F821 Undefined name `UndefinedElement`
  --> F821_basedpython.by:77:29
   |
75 | # a pack's bound is a type expression wherever it appears, so names inside the
76 | # starred whole-pack forms and a keyword-variadic pack's bound resolve too
77 | type WholeTuple[*Ts: *(int, UndefinedElement)] = tuple[*Ts]
   |                             ^^^^^^^^^^^^^^^^
78 | type EveryField[**Kwargs: UndefinedFieldBound] = int
79 | type WholeShape[**Kwargs: **{"a": UndefinedField}] = int
   |

F821 Undefined name `UndefinedFieldBound`
  --> F821_basedpython.by:78:27
   |
76 | # starred whole-pack forms and a keyword-variadic pack's bound resolve too
77 | type WholeTuple[*Ts: *(int, UndefinedElement)] = tuple[*Ts]
78 | type EveryField[**Kwargs: UndefinedFieldBound] = int
   |                           ^^^^^^^^^^^^^^^^^^^
79 | type WholeShape[**Kwargs: **{"a": UndefinedField}] = int
80 | type BoundsAreFine[*Ts: *(int, str), **Kwargs: **{"a": int}] = int
   |

F821 Undefined name `UndefinedField`
  --> F821_basedpython.by:79:35
   |
77 | type WholeTuple[*Ts: *(int, UndefinedElement)] = tuple[*Ts]
78 | type EveryField[**Kwargs: UndefinedFieldBound] = int
79 | type WholeShape[**Kwargs: **{"a": UndefinedField}] = int
   |                                   ^^^^^^^^^^^^^^
80 | type BoundsAreFine[*Ts: *(int, str), **Kwargs: **{"a": int}] = int
   |

F821 Undefined name `Protocol`
  --> F821_basedpython.by:88:15
   |
86 | implicit_value = Optional
87 | # a `typing` member basedpython does *not* auto-import is still flagged
88 | not_implicit: Protocol
   |               ^^^^^^^^
89 |
90 | # `Some` is the present-case optional constructor, lowered to the injected
   |

F821 Undefined name `Character`
   --> F821_basedpython.by:99:7
    |
 97 | overlapping_arg: Overlapping[int]
 98 | # in value position they are ordinary names — still flagged when unbound
 99 | print(Character, Overlapping)
    |       ^^^^^^^^^
100 |
101 | # known gap: an enum member reached by context-sensitive resolution is an
    |

F821 Undefined name `Overlapping`
   --> F821_basedpython.by:99:18
    |
 97 | overlapping_arg: Overlapping[int]
 98 | # in value position they are ordinary names — still flagged when unbound
 99 | print(Character, Overlapping)
    |                  ^^^^^^^^^^^
100 |
101 | # known gap: an enum member reached by context-sensitive resolution is an
    |

F821 Undefined name `Bleu`
   --> F821_basedpython.by:125:19
    |
124 | chosen: Colour = Green
125 | missing: Colour = Bleu  # F821
    |                   ^^^^
    |

F821 Undefined name `UndefinedPattern`
   --> F821_basedpython.by:168:12
    |
166 | # an unbound name inside a pattern is still reported
167 | def undefined_in_pattern(value: object) -> None:
168 |     if let UndefinedPattern(captured) := value:  # F821
    |            ^^^^^^^^^^^^^^^^
169 |         print(captured)
    |

F821 Undefined name `UndefinedInterface`
   --> F821_basedpython.by:192:32
    |
190 | # the extended type is looked up rather than resolved, so an undefined one is a
191 | # known gap here — `by check` reports it as an unresolved type
192 | extension UndefinedImplemented(UndefinedInterface):  # F821
    |                                ^^^^^^^^^^^^^^^^^^
193 |     pass
    |

F821 Undefined name `bare_name`
   --> F821_basedpython.by:212:21
    |
211 | # but the suppression is only for that shape, so each of these is still reported
212 | Book.objects.filter(bare_name)  # F821
    |                     ^^^^^^^^^
213 | Book.objects.annotate(not_a_lookup_method.x == 1)  # F821
214 | Book.objects.filter(data[undefined_index] == 1)  # F821
    |

F821 Undefined name `not_a_lookup_method`
   --> F821_basedpython.by:213:23
    |
211 | # but the suppression is only for that shape, so each of these is still reported
212 | Book.objects.filter(bare_name)  # F821
213 | Book.objects.annotate(not_a_lookup_method.x == 1)  # F821
    |                       ^^^^^^^^^^^^^^^^^^^
214 | Book.objects.filter(data[undefined_index] == 1)  # F821
215 | Book.objects.filter(no_lookup_for_ne != 1)  # F821
    |

F821 Undefined name `undefined_index`
   --> F821_basedpython.by:214:26
    |
212 | Book.objects.filter(bare_name)  # F821
213 | Book.objects.annotate(not_a_lookup_method.x == 1)  # F821
214 | Book.objects.filter(data[undefined_index] == 1)  # F821
    |                          ^^^^^^^^^^^^^^^
215 | Book.objects.filter(no_lookup_for_ne != 1)  # F821
    |

F821 Undefined name `no_lookup_for_ne`
   --> F821_basedpython.by:215:21
    |
213 | Book.objects.annotate(not_a_lookup_method.x == 1)  # F821
214 | Book.objects.filter(data[undefined_index] == 1)  # F821
215 | Book.objects.filter(no_lookup_for_ne != 1)  # F821
    |                     ^^^^^^^^^^^^^^^^
    |
