---
source: crates/ty_server/tests/e2e/refactors.rs
expression: action.edit
---
{
  "changes": {
    "file://<temp_dir>/src/main.py": [
      {
        "range": {
          "start": {
            "line": 2,
            "character": 11
          },
          "end": {
            "line": 2,
            "character": 12
          }
        },
        "newText": "compute()"
      },
      {
        "range": {
          "start": {
            "line": 1,
            "character": 0
          },
          "end": {
            "line": 2,
            "character": 0
          }
        },
        "newText": ""
      }
    ]
  }
}
