---
source: crates/ruff_python_parser/tests/fixtures.rs
input_file: crates/ruff_python_parser/resources/inline/err/type_param_reified_py.py
---
## AST

```
Module(
    ModModule {
        node_index: NodeIndex(None),
        range: 0..72,
        body: [
            FunctionDef(
                StmtFunctionDef {
                    node_index: NodeIndex(None),
                    range: 0..23,
                    is_async: false,
                    decorator_list: [],
                    name: Identifier {
                        id: Name("f"),
                        range: 4..5,
                        node_index: NodeIndex(None),
                    },
                    type_params: Some(
                        TypeParams {
                            range: 5..16,
                            node_index: NodeIndex(None),
                            type_params: [
                                TypeVar(
                                    TypeParamTypeVar {
                                        node_index: NodeIndex(None),
                                        range: 6..15,
                                        name: Identifier {
                                            id: Name("T"),
                                            range: 14..15,
                                            node_index: NodeIndex(None),
                                        },
                                        lower_bound: None,
                                        bound: None,
                                        default: None,
                                        variance: None,
                                        is_reified: true,
                                    },
                                ),
                            ],
                            separators: TypeParamSeparators {
                                positional_only_count: None,
                                keyword_only_start: None,
                                slash_range: None,
                                star_range: None,
                            },
                        },
                    ),
                    parameters: Parameters {
                        range: 16..18,
                        node_index: NodeIndex(None),
                        posonlyargs: [],
                        args: [],
                        vararg: None,
                        kwonlyargs: [],
                        kwarg: None,
                    },
                    returns: None,
                    raises: None,
                    body: [
                        Expr(
                            StmtExpr {
                                node_index: NodeIndex(None),
                                range: 20..23,
                                value: EllipsisLiteral(
                                    ExprEllipsisLiteral {
                                        node_index: NodeIndex(None),
                                        range: 20..23,
                                    },
                                ),
                            },
                        ),
                    ],
                    is_trailing_lambda: false,
                    is_asserts_return: false,
                },
            ),
            ClassDef(
                StmtClassDef {
                    node_index: NodeIndex(None),
                    range: 24..47,
                    decorator_list: [],
                    name: Identifier {
                        id: Name("C"),
                        range: 30..31,
                        node_index: NodeIndex(None),
                    },
                    type_params: Some(
                        TypeParams {
                            range: 31..42,
                            node_index: NodeIndex(None),
                            type_params: [
                                TypeVar(
                                    TypeParamTypeVar {
                                        node_index: NodeIndex(None),
                                        range: 32..41,
                                        name: Identifier {
                                            id: Name("T"),
                                            range: 40..41,
                                            node_index: NodeIndex(None),
                                        },
                                        lower_bound: None,
                                        bound: None,
                                        default: None,
                                        variance: None,
                                        is_reified: true,
                                    },
                                ),
                            ],
                            separators: TypeParamSeparators {
                                positional_only_count: None,
                                keyword_only_start: None,
                                slash_range: None,
                                star_range: None,
                            },
                        },
                    ),
                    arguments: None,
                    body: [
                        Expr(
                            StmtExpr {
                                node_index: NodeIndex(None),
                                range: 44..47,
                                value: EllipsisLiteral(
                                    ExprEllipsisLiteral {
                                        node_index: NodeIndex(None),
                                        range: 44..47,
                                    },
                                ),
                            },
                        ),
                    ],
                    implementation: None,
                },
            ),
            TypeAlias(
                StmtTypeAlias {
                    node_index: NodeIndex(None),
                    range: 48..71,
                    name: Name(
                        ExprName {
                            node_index: NodeIndex(None),
                            range: 53..54,
                            id: Name("X"),
                            ctx: Store,
                        },
                    ),
                    type_params: Some(
                        TypeParams {
                            range: 54..65,
                            node_index: NodeIndex(None),
                            type_params: [
                                TypeVar(
                                    TypeParamTypeVar {
                                        node_index: NodeIndex(None),
                                        range: 55..64,
                                        name: Identifier {
                                            id: Name("T"),
                                            range: 63..64,
                                            node_index: NodeIndex(None),
                                        },
                                        lower_bound: None,
                                        bound: None,
                                        default: None,
                                        variance: None,
                                        is_reified: true,
                                    },
                                ),
                            ],
                            separators: TypeParamSeparators {
                                positional_only_count: None,
                                keyword_only_start: None,
                                slash_range: None,
                                star_range: None,
                            },
                        },
                    ),
                    value: Name(
                        ExprName {
                            node_index: NodeIndex(None),
                            range: 68..71,
                            id: Name("int"),
                            ctx: Load,
                        },
                    ),
                    cases: [],
                    is_private: false,
                },
            ),
        ],
    },
)
```
## Errors

  |
1 | def f[reified T](): ...
  |       ^^^^^^^ Syntax Error: reified type parameters are not valid in `.py` files
2 | class C[reified T]: ...
3 | type X[reified T] = int
  |


  |
1 | def f[reified T](): ...
2 | class C[reified T]: ...
  |         ^^^^^^^ Syntax Error: reified type parameters are not valid in `.py` files
3 | type X[reified T] = int
  |


  |
1 | def f[reified T](): ...
2 | class C[reified T]: ...
3 | type X[reified T] = int
  |        ^^^^^^^ Syntax Error: reified type parameters are not valid in `.py` files
  |
