---
source: crates/ruff_python_parser/tests/fixtures.rs
input_file: crates/ruff_python_parser/resources/valid/expressions/identity_compare.py
---
## AST

```
Module(
    ModModule {
        node_index: NodeIndex(None),
        range: 0..119,
        body: [
            Expr(
                StmtExpr {
                    node_index: NodeIndex(None),
                    range: 44..51,
                    value: Compare(
                        ExprCompare {
                            node_index: NodeIndex(None),
                            range: 44..51,
                            left: Name(
                                ExprName {
                                    node_index: NodeIndex(None),
                                    range: 44..45,
                                    id: Name("x"),
                                    ctx: Load,
                                },
                            ),
                            ops: [
                                Is,
                            ],
                            comparators: [
                                Name(
                                    ExprName {
                                        node_index: NodeIndex(None),
                                        range: 50..51,
                                        id: Name("y"),
                                        ctx: Load,
                                    },
                                ),
                            ],
                        },
                    ),
                },
            ),
            Expr(
                StmtExpr {
                    node_index: NodeIndex(None),
                    range: 52..59,
                    value: Compare(
                        ExprCompare {
                            node_index: NodeIndex(None),
                            range: 52..59,
                            left: Name(
                                ExprName {
                                    node_index: NodeIndex(None),
                                    range: 52..53,
                                    id: Name("x"),
                                    ctx: Load,
                                },
                            ),
                            ops: [
                                IsNot,
                            ],
                            comparators: [
                                Name(
                                    ExprName {
                                        node_index: NodeIndex(None),
                                        range: 58..59,
                                        id: Name("y"),
                                        ctx: Load,
                                    },
                                ),
                            ],
                        },
                    ),
                },
            ),
            Expr(
                StmtExpr {
                    node_index: NodeIndex(None),
                    range: 94..110,
                    value: Compare(
                        ExprCompare {
                            node_index: NodeIndex(None),
                            range: 94..110,
                            left: Name(
                                ExprName {
                                    node_index: NodeIndex(None),
                                    range: 94..95,
                                    id: Name("a"),
                                    ctx: Load,
                                },
                            ),
                            ops: [
                                Is,
                                IsNot,
                            ],
                            comparators: [
                                Name(
                                    ExprName {
                                        node_index: NodeIndex(None),
                                        range: 100..101,
                                        id: Name("b"),
                                        ctx: Load,
                                    },
                                ),
                                Name(
                                    ExprName {
                                        node_index: NodeIndex(None),
                                        range: 109..110,
                                        id: Name("c"),
                                        ctx: Load,
                                    },
                                ),
                            ],
                        },
                    ),
                },
            ),
            Expr(
                StmtExpr {
                    node_index: NodeIndex(None),
                    range: 111..118,
                    value: Compare(
                        ExprCompare {
                            node_index: NodeIndex(None),
                            range: 111..118,
                            left: Name(
                                ExprName {
                                    node_index: NodeIndex(None),
                                    range: 111..112,
                                    id: Name("a"),
                                    ctx: Load,
                                },
                            ),
                            ops: [
                                IsNot,
                            ],
                            comparators: [
                                Name(
                                    ExprName {
                                        node_index: NodeIndex(None),
                                        range: 117..118,
                                        id: Name("b"),
                                        ctx: Load,
                                    },
                                ),
                            ],
                        },
                    ),
                },
            ),
        ],
    },
)
```
