---
source: crates/ruff_python_parser/tests/fixtures.rs
input_file: crates/ruff_python_parser/resources/valid/expressions/identity_compare.py
---
## AST

```
Module(
    ModModule {
        node_index: NodeIndex(None),
        range: 0..410,
        body: [
            Expr(
                StmtExpr {
                    node_index: NodeIndex(None),
                    range: 234..241,
                    value: Compare(
                        ExprCompare {
                            node_index: NodeIndex(None),
                            range: 234..241,
                            left: Name(
                                ExprName {
                                    node_index: NodeIndex(None),
                                    range: 234..235,
                                    id: Name("x"),
                                    ctx: Load,
                                },
                            ),
                            ops: [
                                Is,
                            ],
                            comparators: [
                                Name(
                                    ExprName {
                                        node_index: NodeIndex(None),
                                        range: 240..241,
                                        id: Name("y"),
                                        ctx: Load,
                                    },
                                ),
                            ],
                            identity_ops: Some(
                                IdentityOperators {
                                    ops: [
                                        true,
                                    ],
                                },
                            ),
                        },
                    ),
                },
            ),
            Expr(
                StmtExpr {
                    node_index: NodeIndex(None),
                    range: 242..249,
                    value: Compare(
                        ExprCompare {
                            node_index: NodeIndex(None),
                            range: 242..249,
                            left: Name(
                                ExprName {
                                    node_index: NodeIndex(None),
                                    range: 242..243,
                                    id: Name("x"),
                                    ctx: Load,
                                },
                            ),
                            ops: [
                                IsNot,
                            ],
                            comparators: [
                                Name(
                                    ExprName {
                                        node_index: NodeIndex(None),
                                        range: 248..249,
                                        id: Name("y"),
                                        ctx: Load,
                                    },
                                ),
                            ],
                            identity_ops: Some(
                                IdentityOperators {
                                    ops: [
                                        true,
                                    ],
                                },
                            ),
                        },
                    ),
                },
            ),
            Expr(
                StmtExpr {
                    node_index: NodeIndex(None),
                    range: 388..401,
                    value: Compare(
                        ExprCompare {
                            node_index: NodeIndex(None),
                            range: 388..401,
                            left: Name(
                                ExprName {
                                    node_index: NodeIndex(None),
                                    range: 388..389,
                                    id: Name("a"),
                                    ctx: Load,
                                },
                            ),
                            ops: [
                                Is,
                                IsNot,
                            ],
                            comparators: [
                                Name(
                                    ExprName {
                                        node_index: NodeIndex(None),
                                        range: 394..395,
                                        id: Name("b"),
                                        ctx: Load,
                                    },
                                ),
                                Name(
                                    ExprName {
                                        node_index: NodeIndex(None),
                                        range: 400..401,
                                        id: Name("c"),
                                        ctx: Load,
                                    },
                                ),
                            ],
                            identity_ops: Some(
                                IdentityOperators {
                                    ops: [
                                        true,
                                        true,
                                    ],
                                },
                            ),
                        },
                    ),
                },
            ),
            Expr(
                StmtExpr {
                    node_index: NodeIndex(None),
                    range: 402..409,
                    value: Compare(
                        ExprCompare {
                            node_index: NodeIndex(None),
                            range: 402..409,
                            left: Name(
                                ExprName {
                                    node_index: NodeIndex(None),
                                    range: 402..403,
                                    id: Name("a"),
                                    ctx: Load,
                                },
                            ),
                            ops: [
                                IsNot,
                            ],
                            comparators: [
                                Name(
                                    ExprName {
                                        node_index: NodeIndex(None),
                                        range: 408..409,
                                        id: Name("b"),
                                        ctx: Load,
                                    },
                                ),
                            ],
                            identity_ops: Some(
                                IdentityOperators {
                                    ops: [
                                        true,
                                    ],
                                },
                            ),
                        },
                    ),
                },
            ),
        ],
    },
)
```
