---
source: crates/ty_ide/src/inlay_hints.rs
expression: "test.inlay_hints_with_settings(&InlayHintSettings\n{ implicit_parameters: true, ..InlayHintSettings::none() })"
---

def apply(fn: () -> None) -> None:
    fn()

def against(fn: str.() -> None) -> None:
    'a'.fn()

apply:
    print('hi')

against:[ self: str]
    print(upper())
