---
source: crates/ty_ide/src/inlay_hints.rs
expression: "test.inlay_hints_with_settings(&InlayHintSettings\n{ implicit_parameters: true, ..InlayHintSettings::none() })"
---

def apply(fn: (int) -> None) -> None:
    fn(1)

def against(fn: str.() -> None) -> None:
    'a'.fn()

def against_with(fn: str.(int) -> None) -> None:
    'a'.fn(1)

class C:
    init([self, ]a: int)

class D:
    init([self])

apply:[it: int]
    print(it)

against:[self: str]
    print(upper())

against_with:[self: str, it: int]
    print(upper(), it)
