---
source: crates/ty_ide/src/inlay_hints.rs
expression: "test.inlay_hints_with_settings(&InlayHintSettings\n{ revealed_types: true, ..InlayHintSettings::none() })"
---

reveal_type(1)[ Literal[1]]

x = 'a'
reveal_type(x)  # a trailing comment[ Literal["a"]]

def f(y: int) -> None:
    reveal_type(y)[ int]

a: int = 1
reveal_type(a)[ Literal[1], narrowed from int]

def g(z: int | str) -> None:
    if isinstance(z, int):
        reveal_type(z)[ int, narrowed from int | str]
