---
source: crates/ty_ide/src/inlay_hints.rs
expression: "test.inlay_hints_with_settings(&InlayHintSettings\n{ revealed_types: true, ..InlayHintSettings::none() })"
---

reveal_type(1)[ revealed: Literal[1]]

x = 'a'
reveal_type(x)  # a trailing comment[ revealed: Literal["a"]]

def f(y: int) -> None:
    reveal_type(y)[ revealed: int]
