---
source: crates/ty_ide/src/inlay_hints.rs
expression: "test.inlay_hints_with_settings(&InlayHintSettings\n{ property_types: true, ..InlayHintSettings::none() })"
---

class A:
    let a[: 1]
        get() = 1

    let b[: str]
        field = 'two'

    var c[: int] = 0
        get() = field
        set(value): field = value

    let d: bytes
        get() = b''
