---
source: crates/ruff_python_parser/src/lexer.rs
expression: lex_source(source)
---
## Tokens
```
[
    Not 0..3,
    String 3..6 (flags = DOUBLE_QUOTES),
    If 7..9,
    Match 10..15,
    String 15..18 (flags = DOUBLE_QUOTES),
    Else 19..23,
    String 23..26 (flags = DOUBLE_QUOTES),
    Newline 26..26,
]
```
