---
source: crates/ruff_python_parser/src/lexer.rs
expression: lex_source(source)
---
## Tokens
```
[
    Name 0..3,
    TStringStart 3..4 (flags = DOUBLE_QUOTES | T_STRING),
    TStringMiddle 4..11 (flags = DOUBLE_QUOTES | T_STRING),
    Lbrace 11..12,
    Name 12..13,
    Rbrace 13..14,
    TStringEnd 14..15 (flags = DOUBLE_QUOTES | T_STRING),
    Name 16..18,
    TStringStart 18..19 (flags = T_STRING),
    Lbrace 19..20,
    Name 20..21,
    Rbrace 21..22,
    TStringEnd 22..23 (flags = T_STRING),
    Name 24..28,
    TStringStart 28..29 (flags = DOUBLE_QUOTES | T_STRING),
    TStringMiddle 29..33 (flags = DOUBLE_QUOTES | T_STRING),
    Lbrace 33..34,
    Name 34..35,
    Rbrace 35..36,
    TStringEnd 36..37 (flags = DOUBLE_QUOTES | T_STRING),
    String 38..47 (flags = DOUBLE_QUOTES | BYTE_STRING | RAW_STRING_LOWERCASE),
    FStringStart 48..50 (flags = DOUBLE_QUOTES | F_STRING),
    FStringMiddle 50..57 (flags = DOUBLE_QUOTES | F_STRING),
    FStringEnd 57..58 (flags = DOUBLE_QUOTES | F_STRING),
    Newline 58..58,
]
```
