---
source: crates/ruff_linter/src/rules/flake8_simplify/mod.rs
---
SIM114 [*] Combine `if` branches using logical `or` operator
  --> if_let_basedpython.by:50:1
   |
48 |       print("same")
49 |
50 | / if a:
51 | |     print("twin")
52 | | elif b:
53 | |     print("twin")
   | |_________________^
help: Combine `if` branches
   |
49 |
   - if a:
   -     print("twin")
   - elif b:
50 + if a or b:
51 |     print("twin")
   |
