---
source: crates/ruff_linter/src/rules/flake8_bugbear/mod.rs
---
B027 `Animal.speak` is an empty method in an abstract base class, but has no abstract decorator
  --> B027_basedpython.by:13:5
   |
11 | # triggers B027.
12 | class Animal(ABC):
13 |     def speak(self) -> str: ...
   |     ^^^^^^^^^^^^^^^^^^^^^^^^^^^
   |
