---
source: crates/ruff_linter/src/rules/flake8_bugbear/mod.rs
---
B018 Found useless expression. Either assign it to a variable or remove it.
  --> B018_basedpython.by:27:5
   |
26 | def genuinely_useless(x: object) -> None:
27 |     x  # B018
   |     ^
28 |     1  # B018
29 |     x.attr  # B018
   |

B018 Found useless expression. Either assign it to a variable or remove it.
  --> B018_basedpython.by:28:5
   |
26 | def genuinely_useless(x: object) -> None:
27 |     x  # B018
28 |     1  # B018
   |     ^
29 |     x.attr  # B018
   |

B018 Found useless expression. Either assign it to a variable or remove it.
  --> B018_basedpython.by:29:5
   |
27 |     x  # B018
28 |     1  # B018
29 |     x.attr  # B018
   |     ^^^^^^
