---
source: crates/ruff_linter/src/rules/flake8_bugbear/mod.rs
---
B023 Function definition does not bind loop variable `x`
  --> B023_basedpython.by:31:15
   |
30 |     def handler():
31 |         print(x)
   |               ^
32 |
33 |     defs.append(handler)
   |

B023 Function definition does not bind loop variable `doubled`
  --> B023_basedpython.by:55:28
   |
53 |     for x in [1, 2, 3]:
54 |         doubled = x * 2
55 |         fns.append(lambda: doubled)
   |                            ^^^^^^^
56 |     return fns
   |

B023 Function definition does not bind loop variable `x`
  --> B023_basedpython.by:67:33
   |
65 |         class Holder:
66 |             var scale: int = 0
67 |                 get() = field * x
   |                                 ^
68 |
69 |         holders.append(Holder())
   |
