---
source: crates/ruff_server/tests/e2e/code_action.rs
expression: actions
---
[
  {
    "title": "Ruff: Format document and organize imports",
    "kind": "source.formatAndOrganizeImports.ruff",
    "edit": {
      "changes": {
        "file://<temp_dir>/test.py": [
          {
            "range": {
              "start": {
                "line": 0,
                "character": 0
              },
              "end": {
                "line": 5,
                "character": 0
              }
            },
            "newText": "import abc\nimport os\nimport sys\n\nx = {\"a\": 1}\n"
          }
        ]
      }
    }
  }
]
