---
source: crates/ruff_server/tests/e2e/execute_command.rs
expression: edit
---
{
  "changes": {
    "file://<temp_dir>/test.py": [
      {
        "range": {
          "start": {
            "line": 1,
            "character": 0
          },
          "end": {
            "line": 5,
            "character": 0
          }
        },
        "newText": "\n\ndef f(a, b):\n    return a + b\n\n"
      }
    ]
  }
}
