---
source: crates/ruff_python_formatter/tests/fixtures.rs
input_file: crates/ruff_python_formatter/resources/test/fixtures/ruff/kw_subscript.by
---
## Input
```bython
class M[K, V]: ...
class B[T]: ...
class A[**Kwargs]: ...
class Two[T, **Kwargs]: ...


x: M[K=int, V=str]
y: B[T=int]
z: M[int, V=str]

a: A[foo=int, bar=str]
b = A[foo=int]()
c: Two[bytes, foo=int]
d = f[int, foo=str]()
e: A[foo=Two[bytes, bar=int]]
g = (walrus := 1)
h: SomeVeryLongGenericClassName[foo=SomeExtremelyLongTypeNameHere, bar=AnotherPrettyLongName]
```

## Output
```bython
class M[K, V]: ...


class B[T]: ...


class A[**Kwargs]: ...


class Two[T, **Kwargs]: ...


x: M[K=int, V=str]
y: B[T=int]
z: M[int, V=str]

a: A[foo=int, bar=str]
b = A[foo=int]()
c: Two[bytes, foo=int]
d = f[int, foo=str]()
e: A[foo=Two[bytes, bar=int]]
g = (walrus := 1)
h: SomeVeryLongGenericClassName[
    foo=SomeExtremelyLongTypeNameHere, bar=AnotherPrettyLongName
]
```
