---
source: crates/ruff_python_formatter/tests/fixtures.rs
input_file: crates/ruff_python_formatter/resources/test/fixtures/ruff/trailing_lambda.by
---
## Input
```bython
def f(x: int = 1, a: (int) -> str):
    a(x)


f:
    print(it)  # prints 1

f(2):
    print(it)  # prints 2


x = 1
f( 2 ):
    y   =   it
    print(y)
x = 2


def outer():
    f:
        print(it)
    return None
```

## Output
```bython
def f(x: int = 1, a: (int) -> str):
    a(x)


f:
    print(it)  # prints 1

f(2):
    print(it)  # prints 2


x = 1
f( 2 ):
    y   =   it
    print(y)
x = 2


def outer():
    f:
        print(it)
    return None
```
