---
source: crates/ruff_python_formatter/tests/fixtures.rs
input_file: crates/ruff_python_formatter/resources/test/fixtures/ruff/decorator_keyword.by
---
## Input
```bython
decorator def cached(fn: (...) -> object, ttl: int = 0) -> int:
    return 0


@cached
def f1() -> None: ...


@cached()
def f2() -> None: ...


@cached(ttl=10)
def f3() -> None: ...
```

## Output
```bython
decorator def cached(fn: (...) -> object, ttl: int = 0) -> int:
    return 0


@cached
def f1() -> None: ...


@cached()
def f2() -> None: ...


@cached(ttl=10)
def f3() -> None: ...
```
