---
source: crates/ruff_python_formatter/tests/fixtures.rs
input_file: crates/ruff_python_formatter/resources/test/fixtures/ruff/callable.by
---
## Input
```bython
f: (int, str) -> bool
g: (a: int, b: str) -> bool
h: (int, /, name: str) -> bool
i: (int, *, name: str) -> bool
j: (*: int) -> int
k: (**: str) -> int
l: (int, /, name: str, *args: bool, **kwargs: int) -> None
m: (...) -> int
n: (...) -> (int) -> str
o: (*Ts) -> int
p: (int, *Ts) -> int
q: (*args: *Ts) -> int


def takes(cb: (int) -> str) -> str:
    return cb(0)


o: int.() -> str
p: str.(int) -> bytes
q: int.(str, /, name: bytes) -> None
q2: int.(str, *, flag: bool) -> None
r: list[int.() -> str]
s: int.() -> str.() -> bytes
t: int.(...) -> str


def takes_receiver(cb: int.() -> str) -> str:
    return cb(0)
```

## Output
```bython
f: (int, str) -> bool
g: (a: int, b: str) -> bool
h: (int, /, name: str) -> bool
i: (int, *, name: str) -> bool
j: (*: int) -> int
k: (**: str) -> int
l: (int, /, name: str, *args: bool, **kwargs: int) -> None
m: (...) -> int
n: (...) -> (int) -> str
o: (*Ts) -> int
p: (int, *Ts) -> int
q: (*args: *Ts) -> int


def takes(cb: (int) -> str) -> str:
    return cb(0)


o: int.() -> str
p: str.(int) -> bytes
q: int.(str, /, name: bytes) -> None
q2: int.(str, *, flag: bool) -> None
r: list[int.() -> str]
s: int.() -> str.() -> bytes
t: int.(...) -> str


def takes_receiver(cb: int.() -> str) -> str:
    return cb(0)
```
