---
source: crates/ruff_python_formatter/tests/fixtures.rs
input_file: crates/ruff_python_formatter/resources/test/fixtures/ruff/generics_header.by
---
## Input
```bython
class Box[T]:
    value: T


class Pair[K, V]:
    key: K
    value: V


def identity[T](x: T) -> T:
    return x


class Constrained[T: (int, str)]: ...


# variance keywords: `out` covariant, `in` contravariant, `in out` invariant
class Variant[out Key, in Sent, in out Value]:
    key: Key
    value: Value


class BoundedVariant[out T: int = bool]: ...
```

## Output
```bython
class Box[T]:
    value: T


class Pair[K, V]:
    key: K
    value: V


def identity[T](x: T) -> T:
    return x


class Constrained[T: (int, str)]: ...


# variance keywords: `out` covariant, `in` contravariant, `in out` invariant
class Variant[out Key, in Sent, in out Value]:
    key: Key
    value: Value


class BoundedVariant[out T: int = bool]: ...
```
