---
source: crates/ruff_linter/src/rules/pep8_naming/mod.rs
---
N806 Variable `Unmatched` in function should be lowercase
  --> N806_basedpython.by:20:14
   |
18 | def ordinary_capture(value: object) -> int:
19 |     match value:
20 |         case Unmatched:  # N806
   |              ^^^^^^^^^
21 |             return 1
22 |         case _:
   |
