---
source: crates/mdtest/src/lib.rs
expression: snapshot
---

---
mdtest name: union_call.md - Calling a union of function types - Union with overloaded method and incompatible variant
mdtest path: crates/ty_python_semantic/resources/mdtest/diagnostics/union_call.md
---

# Python source files

## mdtest_snippet.py

```
1 | def _(x: bytes | str | int):
2 |     # error: [invalid-argument-type]
3 |     # error: [unresolved-attribute]
4 |     x.split(" ")
```

# Diagnostics

```
error[unresolved-attribute]: Attribute `split` is not defined on `int` in union `bytes | str | int`
 --> src/mdtest_snippet.py:4:5
  |
4 |     x.split(" ")
  |     ^^^^^^^

```
